// Jest Snapshot v1, https://goo.gl/fbAQLP

exports[`jest-stare cli tests should not throw error for all input args 1`] = `
{
  "field": "value",
}
`;

exports[`jest-stare cli tests should not throw error for all input args 2`] = `
{
  "resultDir": "two",
}
`;

exports[`jest-stare cli tests should not throw error for input args 1`] = `
{
  "field": "value",
}
`;
